// Jest Snapshot v1, https://goo.gl/fbAQLP

exports[`Gist component snapshot 1`] = `
<View
  style={
    {
      "backgroundColor": "white",
      "borderRadius": undefined,
      "elevation": 5,
      "marginVertical": undefined,
      "padding": undefined,
      "shadowColor": "rgba(0, 26, 77, 0.7)",
      "shadowOffset": {
        "height": 0,
        "width": 0,
      },
      "shadowOpacity": 0.4,
      "shadowRadius": 3,
      "width": "99%",
    }
  }
>
  <View
    style={
      {
        "alignItems": "center",
        "flexDirection": "row",
      }
    }
  >
    <Image
      source={
        {
          "uri": undefined,
        }
      }
      style={
        {
          "backgroundColor": "grey",
          "borderRadius": undefined,
          "height": undefined,
          "width": undefined,
        }
      }
    />
    <Text
      style={
        {
          "color": "#151515",
          "fontSize": undefined,
          "fontWeight": "500",
          "marginLeft": undefined,
        }
      }
    />
  </View>
  <View
    style={
      {
        "alignItems": "center",
        "flexDirection": "row",
        "marginTop": undefined,
      }
    }
  >
    <Text
      style={
        {
          "color": "#151515",
          "fontSize": undefined,
          "fontWeight": "400",
        }
      }
    />
    <Text
      style={
        {
          "color": "#151515",
          "fontSize": undefined,
          "fontWeight": "400",
        }
      }
    />
  </View>
  <Text
    style={
      {
        "color": "#151515",
        "fontSize": undefined,
        "fontWeight": "400",
        "marginVertical": undefined,
      }
    }
  >
    ---
  </Text>
  <View
    style={
      {
        "alignItems": "center",
        "flexDirection": "row",
        "justifyContent": "space-between",
        "width": "80%",
      }
    }
  >
    <View
      style={
        {
          "alignItems": "center",
          "flexDirection": "row",
        }
      }
    >
      <Text
        allowFontScaling={false}
        selectable={false}
        style={
          [
            {
              "color": "#2F64ED",
              "fontSize": 12,
            },
            undefined,
            {
              "fontFamily": "Feather",
              "fontStyle": "normal",
              "fontWeight": "normal",
            },
            {},
          ]
        }
      >
        
      </Text>
      <Text
        style={
          {
            "color": "#2F64ED",
            "fontSize": undefined,
            "fontWeight": "400",
            "marginLeft": undefined,
          }
        }
      >
        undefined Files
      </Text>
    </View>
    <View
      style={
        {
          "alignItems": "center",
          "flexDirection": "row",
        }
      }
    >
      <Text
        allowFontScaling={false}
        selectable={false}
        style={
          [
            {
              "color": "#2F64ED",
              "fontSize": 12,
            },
            undefined,
            {
              "fontFamily": "anticon",
              "fontStyle": "normal",
              "fontWeight": "normal",
            },
            {},
          ]
        }
      >
        
      </Text>
      <Text
        style={
          {
            "color": "#2F64ED",
            "fontSize": undefined,
            "fontWeight": "400",
            "marginLeft": undefined,
          }
        }
      >
        Forks
      </Text>
    </View>
    <View
      style={
        {
          "alignItems": "center",
          "flexDirection": "row",
        }
      }
    >
      <Text
        allowFontScaling={false}
        selectable={false}
        style={
          [
            {
              "color": "#2F64ED",
              "fontSize": 12,
            },
            undefined,
            {
              "fontFamily": "FontAwesome",
              "fontStyle": "normal",
              "fontWeight": "normal",
            },
            {},
          ]
        }
      >
        
      </Text>
      <Text
        style={
          {
            "color": "#2F64ED",
            "fontSize": undefined,
            "fontWeight": "400",
            "marginLeft": undefined,
          }
        }
      >
        Comments
      </Text>
    </View>
    <View
      style={
        {
          "alignItems": "center",
          "flexDirection": "row",
        }
      }
    >
      <Text
        allowFontScaling={false}
        selectable={false}
        style={
          [
            {
              "color": "#2F64ED",
              "fontSize": 12,
            },
            undefined,
            {
              "fontFamily": "anticon",
              "fontStyle": "normal",
              "fontWeight": "normal",
            },
            {},
          ]
        }
      >
        
      </Text>
      <Text
        style={
          {
            "color": "#2F64ED",
            "fontSize": undefined,
            "fontWeight": "400",
            "marginLeft": undefined,
          }
        }
      >
        Stars
      </Text>
    </View>
  </View>
  <View />
</View>
`;
